// Jest Snapshot v1, https://goo.gl/fbAQLP

exports[`<Nav/> renders a minimal nav when signed out 1`] = `
<ul
  className="NavStyles-sc-1krchgb-0 iJkpQD"
  data-test="nav"
>
  <Link
    href="/items"
  >
    <a
      href="/items"
      onClick={[Function]}
    >
      Shop
    </a>
  </Link>
  <Link
    href="/signup"
  >
    <a
      href="/signup"
      onClick={[Function]}
    >
      Sign In
    </a>
  </Link>
</ul>
`;

exports[`<Nav/> renders the amount of items in the cart 1`] = `
<div
  className="count CartCount__Dot-sc-1r8m1z1-1 kGpBDz"
>
  9
</div>
`;
